// Jest Snapshot v1, https://goo.gl/fbAQLP

exports[`Card component 1`] = `
<div
  className="row"
>
  <div
    className="card"
  >
    <p>
      Sony Cyber-shot DSC-W830/BC Point & Shoot Camera(Black)
    </p>
    <img
      className="logo"
      src="test-file-stub"
    />
    <div
      className="rating"
    >
      <span>
        <div
          className="dv-star-rating dv-star-rating-non-editable"
          style={
            Object {
              "display": "inline-block",
              "position": "relative",
            }
          }
        >
          <input
            checked={false}
            className="dv-star-rating-input"
            id="_5"
            name=""
            onChange={[Function]}
            style={
              Object {
                "display": "none",
                "marginLeft": -9999,
                "position": "absolute",
              }
            }
            type="radio"
            value={5}
          />
          <label
            className="dv-star-rating-star dv-star-rating-empty-star"
            htmlFor="_5"
            onClick={[Function]}
            onMouseLeave={[Function]}
            onMouseOver={[Function]}
            style={
              Object {
                "color": "#333",
                "cursor": "default",
                "float": "right",
              }
            }
          >
            <i
              style={
                Object {
                  "fontStyle": "normal",
                }
              }
            >
              ★
            </i>
          </label>
          <input
            checked={false}
            className="dv-star-rating-input"
            id="_4"
            name=""
            onChange={[Function]}
            style={
              Object {
                "display": "none",
                "marginLeft": -9999,
                "position": "absolute",
              }
            }
            type="radio"
            value={4}
          />
          <label
            className="dv-star-rating-star dv-star-rating-empty-star"
            htmlFor="_4"
            onClick={[Function]}
            onMouseLeave={[Function]}
            onMouseOver={[Function]}
            style={
              Object {
                "color": "#333",
                "cursor": "default",
                "float": "right",
              }
            }
          >
            <i
              style={
                Object {
                  "fontStyle": "normal",
                }
              }
            >
              ★
            </i>
          </label>
          <input
            checked={false}
            className="dv-star-rating-input"
            id="_3"
            name=""
            onChange={[Function]}
            style={
              Object {
                "display": "none",
                "marginLeft": -9999,
                "position": "absolute",
              }
            }
            type="radio"
            value={3}
          />
          <label
            className="dv-star-rating-star dv-star-rating-empty-star"
            htmlFor="_3"
            onClick={[Function]}
            onMouseLeave={[Function]}
            onMouseOver={[Function]}
            style={
              Object {
                "color": "#333",
                "cursor": "default",
                "float": "right",
              }
            }
          >
            <i
              style={
                Object {
                  "fontStyle": "normal",
                }
              }
            >
              ★
            </i>
          </label>
          <input
            checked={false}
            className="dv-star-rating-input"
            id="_2"
            name=""
            onChange={[Function]}
            style={
              Object {
                "display": "none",
                "marginLeft": -9999,
                "position": "absolute",
              }
            }
            type="radio"
            value={2}
          />
          <label
            className="dv-star-rating-star dv-star-rating-empty-star"
            htmlFor="_2"
            onClick={[Function]}
            onMouseLeave={[Function]}
            onMouseOver={[Function]}
            style={
              Object {
                "color": "#333",
                "cursor": "default",
                "float": "right",
              }
            }
          >
            <i
              style={
                Object {
                  "fontStyle": "normal",
                }
              }
            >
              ★
            </i>
          </label>
          <input
            checked={false}
            className="dv-star-rating-input"
            id="_1"
            name=""
            onChange={[Function]}
            style={
              Object {
                "display": "none",
                "marginLeft": -9999,
                "position": "absolute",
              }
            }
            type="radio"
            value={1}
          />
          <label
            className="dv-star-rating-star dv-star-rating-full-star"
            htmlFor="_1"
            onClick={[Function]}
            onMouseLeave={[Function]}
            onMouseOver={[Function]}
            style={
              Object {
                "color": "#ffb400",
                "cursor": "default",
                "float": "right",
              }
            }
          >
            <i
              style={
                Object {
                  "fontStyle": "normal",
                }
              }
            >
              ★
            </i>
          </label>
        </div>
      </span>
      <span
        className="rating-number"
      >
         (
        1.5
         ratings) 
      </span>
    </div>
    <div
      className="basic"
    >
      <div>
         Rs.
        7250
         
      </div>
      <div>
         EMI from Rs.
        352
         
      </div>
    </div>
    <ul
      className="basic feature"
    >
      <li>
        20.1 MP
      </li>
      <li>
        Sensor type CCD
      </li>
      <li>
        LCD size 2.7
      </li>
      <li>
        Lithium Battery
      </li>
    </ul>
    <input
      type="checkbox"
      value="Car"
    />
    <span
      className="add-cart"
    >
       Add to cart 
    </span>
  </div>
  <div
    className="card"
  >
    <p>
      Sony Cyber-shot DSC-W830/BC Point & Shoot Camera(Black)
    </p>
    <img
      className="logo"
      src="test-file-stub"
    />
    <div
      className="rating"
    >
      <span>
        <div
          className="dv-star-rating dv-star-rating-non-editable"
          style={
            Object {
              "display": "inline-block",
              "position": "relative",
            }
          }
        >
          <input
            checked={false}
            className="dv-star-rating-input"
            id="_5"
            name=""
            onChange={[Function]}
            style={
              Object {
                "display": "none",
                "marginLeft": -9999,
                "position": "absolute",
              }
            }
            type="radio"
            value={5}
          />
          <label
            className="dv-star-rating-star dv-star-rating-empty-star"
            htmlFor="_5"
            onClick={[Function]}
            onMouseLeave={[Function]}
            onMouseOver={[Function]}
            style={
              Object {
                "color": "#333",
                "cursor": "default",
                "float": "right",
              }
            }
          >
            <i
              style={
                Object {
                  "fontStyle": "normal",
                }
              }
            >
              ★
            </i>
          </label>
          <input
            checked={true}
            className="dv-star-rating-input"
            id="_4"
            name=""
            onChange={[Function]}
            style={
              Object {
                "display": "none",
                "marginLeft": -9999,
                "position": "absolute",
              }
            }
            type="radio"
            value={4}
          />
          <label
            className="dv-star-rating-star dv-star-rating-full-star"
            htmlFor="_4"
            onClick={[Function]}
            onMouseLeave={[Function]}
            onMouseOver={[Function]}
            style={
              Object {
                "color": "#ffb400",
                "cursor": "default",
                "float": "right",
              }
            }
          >
            <i
              style={
                Object {
                  "fontStyle": "normal",
                }
              }
            >
              ★
            </i>
          </label>
          <input
            checked={false}
            className="dv-star-rating-input"
            id="_3"
            name=""
            onChange={[Function]}
            style={
              Object {
                "display": "none",
                "marginLeft": -9999,
                "position": "absolute",
              }
            }
            type="radio"
            value={3}
          />
          <label
            className="dv-star-rating-star dv-star-rating-full-star"
            htmlFor="_3"
            onClick={[Function]}
            onMouseLeave={[Function]}
            onMouseOver={[Function]}
            style={
              Object {
                "color": "#ffb400",
                "cursor": "default",
                "float": "right",
              }
            }
          >
            <i
              style={
                Object {
                  "fontStyle": "normal",
                }
              }
            >
              ★
            </i>
          </label>
          <input
            checked={false}
            className="dv-star-rating-input"
            id="_2"
            name=""
            onChange={[Function]}
            style={
              Object {
                "display": "none",
                "marginLeft": -9999,
                "position": "absolute",
              }
            }
            type="radio"
            value={2}
          />
          <label
            className="dv-star-rating-star dv-star-rating-full-star"
            htmlFor="_2"
            onClick={[Function]}
            onMouseLeave={[Function]}
            onMouseOver={[Function]}
            style={
              Object {
                "color": "#ffb400",
                "cursor": "default",
                "float": "right",
              }
            }
          >
            <i
              style={
                Object {
                  "fontStyle": "normal",
                }
              }
            >
              ★
            </i>
          </label>
          <input
            checked={false}
            className="dv-star-rating-input"
            id="_1"
            name=""
            onChange={[Function]}
            style={
              Object {
                "display": "none",
                "marginLeft": -9999,
                "position": "absolute",
              }
            }
            type="radio"
            value={1}
          />
          <label
            className="dv-star-rating-star dv-star-rating-full-star"
            htmlFor="_1"
            onClick={[Function]}
            onMouseLeave={[Function]}
            onMouseOver={[Function]}
            style={
              Object {
                "color": "#ffb400",
                "cursor": "default",
                "float": "right",
              }
            }
          >
            <i
              style={
                Object {
                  "fontStyle": "normal",
                }
              }
            >
              ★
            </i>
          </label>
        </div>
      </span>
      <span
        className="rating-number"
      >
         (
        4
         ratings) 
      </span>
    </div>
    <div
      className="basic"
    >
      <div>
         Rs.
        7000
         
      </div>
      <div>
         EMI from Rs.
        352
         
      </div>
    </div>
    <ul
      className="basic feature"
    >
      <li>
        20.1 MP
      </li>
      <li>
        Sensor type CCD
      </li>
      <li>
        LCD size 2.7
      </li>
      <li>
        Lithium Battery
      </li>
    </ul>
    <input
      type="checkbox"
      value="Car"
    />
    <span
      className="add-cart"
    >
       Add to cart 
    </span>
  </div>
  <div
    className="card"
  >
    <p>
      Sony Cyber-shot DSC-W830/BC Point & Shoot Camera(Black)
    </p>
    <img
      className="logo"
      src="test-file-stub"
    />
    <div
      className="rating"
    >
      <span>
        <div
          className="dv-star-rating dv-star-rating-non-editable"
          style={
            Object {
              "display": "inline-block",
              "position": "relative",
            }
          }
        >
          <input
            checked={false}
            className="dv-star-rating-input"
            id="_5"
            name=""
            onChange={[Function]}
            style={
              Object {
                "display": "none",
                "marginLeft": -9999,
                "position": "absolute",
              }
            }
            type="radio"
            value={5}
          />
          <label
            className="dv-star-rating-star dv-star-rating-empty-star"
            htmlFor="_5"
            onClick={[Function]}
            onMouseLeave={[Function]}
            onMouseOver={[Function]}
            style={
              Object {
                "color": "#333",
                "cursor": "default",
                "float": "right",
              }
            }
          >
            <i
              style={
                Object {
                  "fontStyle": "normal",
                }
              }
            >
              ★
            </i>
          </label>
          <input
            checked={false}
            className="dv-star-rating-input"
            id="_4"
            name=""
            onChange={[Function]}
            style={
              Object {
                "display": "none",
                "marginLeft": -9999,
                "position": "absolute",
              }
            }
            type="radio"
            value={4}
          />
          <label
            className="dv-star-rating-star dv-star-rating-empty-star"
            htmlFor="_4"
            onClick={[Function]}
            onMouseLeave={[Function]}
            onMouseOver={[Function]}
            style={
              Object {
                "color": "#333",
                "cursor": "default",
                "float": "right",
              }
            }
          >
            <i
              style={
                Object {
                  "fontStyle": "normal",
                }
              }
            >
              ★
            </i>
          </label>
          <input
            checked={false}
            className="dv-star-rating-input"
            id="_3"
            name=""
            onChange={[Function]}
            style={
              Object {
                "display": "none",
                "marginLeft": -9999,
                "position": "absolute",
              }
            }
            type="radio"
            value={3}
          />
          <label
            className="dv-star-rating-star dv-star-rating-empty-star"
            htmlFor="_3"
            onClick={[Function]}
            onMouseLeave={[Function]}
            onMouseOver={[Function]}
            style={
              Object {
                "color": "#333",
                "cursor": "default",
                "float": "right",
              }
            }
          >
            <i
              style={
                Object {
                  "fontStyle": "normal",
                }
              }
            >
              ★
            </i>
          </label>
          <input
            checked={true}
            className="dv-star-rating-input"
            id="_2"
            name=""
            onChange={[Function]}
            style={
              Object {
                "display": "none",
                "marginLeft": -9999,
                "position": "absolute",
              }
            }
            type="radio"
            value={2}
          />
          <label
            className="dv-star-rating-star dv-star-rating-full-star"
            htmlFor="_2"
            onClick={[Function]}
            onMouseLeave={[Function]}
            onMouseOver={[Function]}
            style={
              Object {
                "color": "#ffb400",
                "cursor": "default",
                "float": "right",
              }
            }
          >
            <i
              style={
                Object {
                  "fontStyle": "normal",
                }
              }
            >
              ★
            </i>
          </label>
          <input
            checked={false}
            className="dv-star-rating-input"
            id="_1"
            name=""
            onChange={[Function]}
            style={
              Object {
                "display": "none",
                "marginLeft": -9999,
                "position": "absolute",
              }
            }
            type="radio"
            value={1}
          />
          <label
            className="dv-star-rating-star dv-star-rating-full-star"
            htmlFor="_1"
            onClick={[Function]}
            onMouseLeave={[Function]}
            onMouseOver={[Function]}
            style={
              Object {
                "color": "#ffb400",
                "cursor": "default",
                "float": "right",
              }
            }
          >
            <i
              style={
                Object {
                  "fontStyle": "normal",
                }
              }
            >
              ★
            </i>
          </label>
        </div>
      </span>
      <span
        className="rating-number"
      >
         (
        2
         ratings) 
      </span>
    </div>
    <div
      className="basic"
    >
      <div>
         Rs.
        6800
         
      </div>
      <div>
         EMI from Rs.
        352
         
      </div>
    </div>
    <ul
      className="basic feature"
    >
      <li>
        20.1 MP
      </li>
      <li>
        Sensor type CCD
      </li>
      <li>
        LCD size 2.7
      </li>
      <li>
        Lithium Battery
      </li>
    </ul>
    <input
      type="checkbox"
      value="Car"
    />
    <span
      className="add-cart"
    >
       Add to cart 
    </span>
  </div>
  <div
    className="card"
  >
    <p>
      Sony Cyber-shot DSC-W830/BC Point & Shoot Camera(Black)
    </p>
    <img
      className="logo"
      src="test-file-stub"
    />
    <div
      className="rating"
    >
      <span>
        <div
          className="dv-star-rating dv-star-rating-non-editable"
          style={
            Object {
              "display": "inline-block",
              "position": "relative",
            }
          }
        >
          <input
            checked={false}
            className="dv-star-rating-input"
            id="_5"
            name=""
            onChange={[Function]}
            style={
              Object {
                "display": "none",
                "marginLeft": -9999,
                "position": "absolute",
              }
            }
            type="radio"
            value={5}
          />
          <label
            className="dv-star-rating-star dv-star-rating-empty-star"
            htmlFor="_5"
            onClick={[Function]}
            onMouseLeave={[Function]}
            onMouseOver={[Function]}
            style={
              Object {
                "color": "#333",
                "cursor": "default",
                "float": "right",
              }
            }
          >
            <i
              style={
                Object {
                  "fontStyle": "normal",
                }
              }
            >
              ★
            </i>
          </label>
          <input
            checked={false}
            className="dv-star-rating-input"
            id="_4"
            name=""
            onChange={[Function]}
            style={
              Object {
                "display": "none",
                "marginLeft": -9999,
                "position": "absolute",
              }
            }
            type="radio"
            value={4}
          />
          <label
            className="dv-star-rating-star dv-star-rating-empty-star"
            htmlFor="_4"
            onClick={[Function]}
            onMouseLeave={[Function]}
            onMouseOver={[Function]}
            style={
              Object {
                "color": "#333",
                "cursor": "default",
                "float": "right",
              }
            }
          >
            <i
              style={
                Object {
                  "fontStyle": "normal",
                }
              }
            >
              ★
            </i>
          </label>
          <input
            checked={false}
            className="dv-star-rating-input"
            id="_3"
            name=""
            onChange={[Function]}
            style={
              Object {
                "display": "none",
                "marginLeft": -9999,
                "position": "absolute",
              }
            }
            type="radio"
            value={3}
          />
          <label
            className="dv-star-rating-star dv-star-rating-empty-star"
            htmlFor="_3"
            onClick={[Function]}
            onMouseLeave={[Function]}
            onMouseOver={[Function]}
            style={
              Object {
                "color": "#333",
                "cursor": "default",
                "float": "right",
              }
            }
          >
            <i
              style={
                Object {
                  "fontStyle": "normal",
                }
              }
            >
              ★
            </i>
          </label>
          <input
            checked={false}
            className="dv-star-rating-input"
            id="_2"
            name=""
            onChange={[Function]}
            style={
              Object {
                "display": "none",
                "marginLeft": -9999,
                "position": "absolute",
              }
            }
            type="radio"
            value={2}
          />
          <label
            className="dv-star-rating-star dv-star-rating-empty-star"
            htmlFor="_2"
            onClick={[Function]}
            onMouseLeave={[Function]}
            onMouseOver={[Function]}
            style={
              Object {
                "color": "#333",
                "cursor": "default",
                "float": "right",
              }
            }
          >
            <i
              style={
                Object {
                  "fontStyle": "normal",
                }
              }
            >
              ★
            </i>
          </label>
          <input
            checked={false}
            className="dv-star-rating-input"
            id="_1"
            name=""
            onChange={[Function]}
            style={
              Object {
                "display": "none",
                "marginLeft": -9999,
                "position": "absolute",
              }
            }
            type="radio"
            value={1}
          />
          <label
            className="dv-star-rating-star dv-star-rating-full-star"
            htmlFor="_1"
            onClick={[Function]}
            onMouseLeave={[Function]}
            onMouseOver={[Function]}
            style={
              Object {
                "color": "#ffb400",
                "cursor": "default",
                "float": "right",
              }
            }
          >
            <i
              style={
                Object {
                  "fontStyle": "normal",
                }
              }
            >
              ★
            </i>
          </label>
        </div>
      </span>
      <span
        className="rating-number"
      >
         (
        1.5
         ratings) 
      </span>
    </div>
    <div
      className="basic"
    >
      <div>
         Rs.
        9000
         
      </div>
      <div>
         EMI from Rs.
        352
         
      </div>
    </div>
    <ul
      className="basic feature"
    >
      <li>
        20.1 MP
      </li>
      <li>
        Sensor type CCD
      </li>
      <li>
        LCD size 2.7
      </li>
      <li>
        Lithium Battery
      </li>
    </ul>
    <input
      type="checkbox"
      value="Car"
    />
    <span
      className="add-cart"
    >
       Add to cart 
    </span>
  </div>
  <div
    className="card"
  >
    <p>
      Sony Cyber-shot DSC-W830/BC Point & Shoot Camera(Black)
    </p>
    <img
      className="logo"
      src="test-file-stub"
    />
    <div
      className="rating"
    >
      <span>
        <div
          className="dv-star-rating dv-star-rating-non-editable"
          style={
            Object {
              "display": "inline-block",
              "position": "relative",
            }
          }
        >
          <input
            checked={false}
            className="dv-star-rating-input"
            id="_5"
            name=""
            onChange={[Function]}
            style={
              Object {
                "display": "none",
                "marginLeft": -9999,
                "position": "absolute",
              }
            }
            type="radio"
            value={5}
          />
          <label
            className="dv-star-rating-star dv-star-rating-empty-star"
            htmlFor="_5"
            onClick={[Function]}
            onMouseLeave={[Function]}
            onMouseOver={[Function]}
            style={
              Object {
                "color": "#333",
                "cursor": "default",
                "float": "right",
              }
            }
          >
            <i
              style={
                Object {
                  "fontStyle": "normal",
                }
              }
            >
              ★
            </i>
          </label>
          <input
            checked={false}
            className="dv-star-rating-input"
            id="_4"
            name=""
            onChange={[Function]}
            style={
              Object {
                "display": "none",
                "marginLeft": -9999,
                "position": "absolute",
              }
            }
            type="radio"
            value={4}
          />
          <label
            className="dv-star-rating-star dv-star-rating-full-star"
            htmlFor="_4"
            onClick={[Function]}
            onMouseLeave={[Function]}
            onMouseOver={[Function]}
            style={
              Object {
                "color": "#ffb400",
                "cursor": "default",
                "float": "right",
              }
            }
          >
            <i
              style={
                Object {
                  "fontStyle": "normal",
                }
              }
            >
              ★
            </i>
          </label>
          <input
            checked={false}
            className="dv-star-rating-input"
            id="_3"
            name=""
            onChange={[Function]}
            style={
              Object {
                "display": "none",
                "marginLeft": -9999,
                "position": "absolute",
              }
            }
            type="radio"
            value={3}
          />
          <label
            className="dv-star-rating-star dv-star-rating-full-star"
            htmlFor="_3"
            onClick={[Function]}
            onMouseLeave={[Function]}
            onMouseOver={[Function]}
            style={
              Object {
                "color": "#ffb400",
                "cursor": "default",
                "float": "right",
              }
            }
          >
            <i
              style={
                Object {
                  "fontStyle": "normal",
                }
              }
            >
              ★
            </i>
          </label>
          <input
            checked={false}
            className="dv-star-rating-input"
            id="_2"
            name=""
            onChange={[Function]}
            style={
              Object {
                "display": "none",
                "marginLeft": -9999,
                "position": "absolute",
              }
            }
            type="radio"
            value={2}
          />
          <label
            className="dv-star-rating-star dv-star-rating-full-star"
            htmlFor="_2"
            onClick={[Function]}
            onMouseLeave={[Function]}
            onMouseOver={[Function]}
            style={
              Object {
                "color": "#ffb400",
                "cursor": "default",
                "float": "right",
              }
            }
          >
            <i
              style={
                Object {
                  "fontStyle": "normal",
                }
              }
            >
              ★
            </i>
          </label>
          <input
            checked={false}
            className="dv-star-rating-input"
            id="_1"
            name=""
            onChange={[Function]}
            style={
              Object {
                "display": "none",
                "marginLeft": -9999,
                "position": "absolute",
              }
            }
            type="radio"
            value={1}
          />
          <label
            className="dv-star-rating-star dv-star-rating-full-star"
            htmlFor="_1"
            onClick={[Function]}
            onMouseLeave={[Function]}
            onMouseOver={[Function]}
            style={
              Object {
                "color": "#ffb400",
                "cursor": "default",
                "float": "right",
              }
            }
          >
            <i
              style={
                Object {
                  "fontStyle": "normal",
                }
              }
            >
              ★
            </i>
          </label>
        </div>
      </span>
      <span
        className="rating-number"
      >
         (
        4.5
         ratings) 
      </span>
    </div>
    <div
      className="basic"
    >
      <div>
         Rs.
        8500
         
      </div>
      <div>
         EMI from Rs.
        352
         
      </div>
    </div>
    <ul
      className="basic feature"
    >
      <li>
        20.1 MP
      </li>
      <li>
        Sensor type CCD
      </li>
      <li>
        LCD size 2.7
      </li>
      <li>
        Lithium Battery
      </li>
    </ul>
    <input
      type="checkbox"
      value="Car"
    />
    <span
      className="add-cart"
    >
       Add to cart 
    </span>
  </div>
  <div
    className="card"
  >
    <p>
      Sony Cyber-shot DSC-W830/BC Point & Shoot Camera(Black)
    </p>
    <img
      className="logo"
      src="test-file-stub"
    />
    <div
      className="rating"
    >
      <span>
        <div
          className="dv-star-rating dv-star-rating-non-editable"
          style={
            Object {
              "display": "inline-block",
              "position": "relative",
            }
          }
        >
          <input
            checked={false}
            className="dv-star-rating-input"
            id="_5"
            name=""
            onChange={[Function]}
            style={
              Object {
                "display": "none",
                "marginLeft": -9999,
                "position": "absolute",
              }
            }
            type="radio"
            value={5}
          />
          <label
            className="dv-star-rating-star dv-star-rating-empty-star"
            htmlFor="_5"
            onClick={[Function]}
            onMouseLeave={[Function]}
            onMouseOver={[Function]}
            style={
              Object {
                "color": "#333",
                "cursor": "default",
                "float": "right",
              }
            }
          >
            <i
              style={
                Object {
                  "fontStyle": "normal",
                }
              }
            >
              ★
            </i>
          </label>
          <input
            checked={false}
            className="dv-star-rating-input"
            id="_4"
            name=""
            onChange={[Function]}
            style={
              Object {
                "display": "none",
                "marginLeft": -9999,
                "position": "absolute",
              }
            }
            type="radio"
            value={4}
          />
          <label
            className="dv-star-rating-star dv-star-rating-empty-star"
            htmlFor="_4"
            onClick={[Function]}
            onMouseLeave={[Function]}
            onMouseOver={[Function]}
            style={
              Object {
                "color": "#333",
                "cursor": "default",
                "float": "right",
              }
            }
          >
            <i
              style={
                Object {
                  "fontStyle": "normal",
                }
              }
            >
              ★
            </i>
          </label>
          <input
            checked={false}
            className="dv-star-rating-input"
            id="_3"
            name=""
            onChange={[Function]}
            style={
              Object {
                "display": "none",
                "marginLeft": -9999,
                "position": "absolute",
              }
            }
            type="radio"
            value={3}
          />
          <label
            className="dv-star-rating-star dv-star-rating-empty-star"
            htmlFor="_3"
            onClick={[Function]}
            onMouseLeave={[Function]}
            onMouseOver={[Function]}
            style={
              Object {
                "color": "#333",
                "cursor": "default",
                "float": "right",
              }
            }
          >
            <i
              style={
                Object {
                  "fontStyle": "normal",
                }
              }
            >
              ★
            </i>
          </label>
          <input
            checked={false}
            className="dv-star-rating-input"
            id="_2"
            name=""
            onChange={[Function]}
            style={
              Object {
                "display": "none",
                "marginLeft": -9999,
                "position": "absolute",
              }
            }
            type="radio"
            value={2}
          />
          <label
            className="dv-star-rating-star dv-star-rating-full-star"
            htmlFor="_2"
            onClick={[Function]}
            onMouseLeave={[Function]}
            onMouseOver={[Function]}
            style={
              Object {
                "color": "#ffb400",
                "cursor": "default",
                "float": "right",
              }
            }
          >
            <i
              style={
                Object {
                  "fontStyle": "normal",
                }
              }
            >
              ★
            </i>
          </label>
          <input
            checked={false}
            className="dv-star-rating-input"
            id="_1"
            name=""
            onChange={[Function]}
            style={
              Object {
                "display": "none",
                "marginLeft": -9999,
                "position": "absolute",
              }
            }
            type="radio"
            value={1}
          />
          <label
            className="dv-star-rating-star dv-star-rating-full-star"
            htmlFor="_1"
            onClick={[Function]}
            onMouseLeave={[Function]}
            onMouseOver={[Function]}
            style={
              Object {
                "color": "#ffb400",
                "cursor": "default",
                "float": "right",
              }
            }
          >
            <i
              style={
                Object {
                  "fontStyle": "normal",
                }
              }
            >
              ★
            </i>
          </label>
        </div>
      </span>
      <span
        className="rating-number"
      >
         (
        2.5
         ratings) 
      </span>
    </div>
    <div
      className="basic"
    >
      <div>
         Rs.
        6000
         
      </div>
      <div>
         EMI from Rs.
        352
         
      </div>
    </div>
    <ul
      className="basic feature"
    >
      <li>
        20.1 MP
      </li>
      <li>
        Sensor type CCD
      </li>
      <li>
        LCD size 2.7
      </li>
      <li>
        Lithium Battery
      </li>
    </ul>
    <input
      type="checkbox"
      value="Car"
    />
    <span
      className="add-cart"
    >
       Add to cart 
    </span>
  </div>
  <div
    className="card"
  >
    <p>
      Sony Cyber-shot DSC-W830/BC Point & Shoot Camera(Black)
    </p>
    <img
      className="logo"
      src="test-file-stub"
    />
    <div
      className="rating"
    >
      <span>
        <div
          className="dv-star-rating dv-star-rating-non-editable"
          style={
            Object {
              "display": "inline-block",
              "position": "relative",
            }
          }
        >
          <input
            checked={false}
            className="dv-star-rating-input"
            id="_5"
            name=""
            onChange={[Function]}
            style={
              Object {
                "display": "none",
                "marginLeft": -9999,
                "position": "absolute",
              }
            }
            type="radio"
            value={5}
          />
          <label
            className="dv-star-rating-star dv-star-rating-empty-star"
            htmlFor="_5"
            onClick={[Function]}
            onMouseLeave={[Function]}
            onMouseOver={[Function]}
            style={
              Object {
                "color": "#333",
                "cursor": "default",
                "float": "right",
              }
            }
          >
            <i
              style={
                Object {
                  "fontStyle": "normal",
                }
              }
            >
              ★
            </i>
          </label>
          <input
            checked={false}
            className="dv-star-rating-input"
            id="_4"
            name=""
            onChange={[Function]}
            style={
              Object {
                "display": "none",
                "marginLeft": -9999,
                "position": "absolute",
              }
            }
            type="radio"
            value={4}
          />
          <label
            className="dv-star-rating-star dv-star-rating-empty-star"
            htmlFor="_4"
            onClick={[Function]}
            onMouseLeave={[Function]}
            onMouseOver={[Function]}
            style={
              Object {
                "color": "#333",
                "cursor": "default",
                "float": "right",
              }
            }
          >
            <i
              style={
                Object {
                  "fontStyle": "normal",
                }
              }
            >
              ★
            </i>
          </label>
          <input
            checked={false}
            className="dv-star-rating-input"
            id="_3"
            name=""
            onChange={[Function]}
            style={
              Object {
                "display": "none",
                "marginLeft": -9999,
                "position": "absolute",
              }
            }
            type="radio"
            value={3}
          />
          <label
            className="dv-star-rating-star dv-star-rating-full-star"
            htmlFor="_3"
            onClick={[Function]}
            onMouseLeave={[Function]}
            onMouseOver={[Function]}
            style={
              Object {
                "color": "#ffb400",
                "cursor": "default",
                "float": "right",
              }
            }
          >
            <i
              style={
                Object {
                  "fontStyle": "normal",
                }
              }
            >
              ★
            </i>
          </label>
          <input
            checked={false}
            className="dv-star-rating-input"
            id="_2"
            name=""
            onChange={[Function]}
            style={
              Object {
                "display": "none",
                "marginLeft": -9999,
                "position": "absolute",
              }
            }
            type="radio"
            value={2}
          />
          <label
            className="dv-star-rating-star dv-star-rating-full-star"
            htmlFor="_2"
            onClick={[Function]}
            onMouseLeave={[Function]}
            onMouseOver={[Function]}
            style={
              Object {
                "color": "#ffb400",
                "cursor": "default",
                "float": "right",
              }
            }
          >
            <i
              style={
                Object {
                  "fontStyle": "normal",
                }
              }
            >
              ★
            </i>
          </label>
          <input
            checked={false}
            className="dv-star-rating-input"
            id="_1"
            name=""
            onChange={[Function]}
            style={
              Object {
                "display": "none",
                "marginLeft": -9999,
                "position": "absolute",
              }
            }
            type="radio"
            value={1}
          />
          <label
            className="dv-star-rating-star dv-star-rating-full-star"
            htmlFor="_1"
            onClick={[Function]}
            onMouseLeave={[Function]}
            onMouseOver={[Function]}
            style={
              Object {
                "color": "#ffb400",
                "cursor": "default",
                "float": "right",
              }
            }
          >
            <i
              style={
                Object {
                  "fontStyle": "normal",
                }
              }
            >
              ★
            </i>
          </label>
        </div>
      </span>
      <span
        className="rating-number"
      >
         (
        3.5
         ratings) 
      </span>
    </div>
    <div
      className="basic"
    >
      <div>
         Rs.
        7250
         
      </div>
      <div>
         EMI from Rs.
        352
         
      </div>
    </div>
    <ul
      className="basic feature"
    >
      <li>
        20.1 MP
      </li>
      <li>
        Sensor type CCD
      </li>
      <li>
        LCD size 2.7
      </li>
      <li>
        Lithium Battery
      </li>
    </ul>
    <input
      type="checkbox"
      value="Car"
    />
    <span
      className="add-cart"
    >
       Add to cart 
    </span>
  </div>
  <div
    className="card"
  >
    <p>
      Sony Cyber-shot DSC-W830/BC Point & Shoot Camera(Black)
    </p>
    <img
      className="logo"
      src="test-file-stub"
    />
    <div
      className="rating"
    >
      <span>
        <div
          className="dv-star-rating dv-star-rating-non-editable"
          style={
            Object {
              "display": "inline-block",
              "position": "relative",
            }
          }
        >
          <input
            checked={false}
            className="dv-star-rating-input"
            id="_5"
            name=""
            onChange={[Function]}
            style={
              Object {
                "display": "none",
                "marginLeft": -9999,
                "position": "absolute",
              }
            }
            type="radio"
            value={5}
          />
          <label
            className="dv-star-rating-star dv-star-rating-empty-star"
            htmlFor="_5"
            onClick={[Function]}
            onMouseLeave={[Function]}
            onMouseOver={[Function]}
            style={
              Object {
                "color": "#333",
                "cursor": "default",
                "float": "right",
              }
            }
          >
            <i
              style={
                Object {
                  "fontStyle": "normal",
                }
              }
            >
              ★
            </i>
          </label>
          <input
            checked={false}
            className="dv-star-rating-input"
            id="_4"
            name=""
            onChange={[Function]}
            style={
              Object {
                "display": "none",
                "marginLeft": -9999,
                "position": "absolute",
              }
            }
            type="radio"
            value={4}
          />
          <label
            className="dv-star-rating-star dv-star-rating-empty-star"
            htmlFor="_4"
            onClick={[Function]}
            onMouseLeave={[Function]}
            onMouseOver={[Function]}
            style={
              Object {
                "color": "#333",
                "cursor": "default",
                "float": "right",
              }
            }
          >
            <i
              style={
                Object {
                  "fontStyle": "normal",
                }
              }
            >
              ★
            </i>
          </label>
          <input
            checked={true}
            className="dv-star-rating-input"
            id="_3"
            name=""
            onChange={[Function]}
            style={
              Object {
                "display": "none",
                "marginLeft": -9999,
                "position": "absolute",
              }
            }
            type="radio"
            value={3}
          />
          <label
            className="dv-star-rating-star dv-star-rating-full-star"
            htmlFor="_3"
            onClick={[Function]}
            onMouseLeave={[Function]}
            onMouseOver={[Function]}
            style={
              Object {
                "color": "#ffb400",
                "cursor": "default",
                "float": "right",
              }
            }
          >
            <i
              style={
                Object {
                  "fontStyle": "normal",
                }
              }
            >
              ★
            </i>
          </label>
          <input
            checked={false}
            className="dv-star-rating-input"
            id="_2"
            name=""
            onChange={[Function]}
            style={
              Object {
                "display": "none",
                "marginLeft": -9999,
                "position": "absolute",
              }
            }
            type="radio"
            value={2}
          />
          <label
            className="dv-star-rating-star dv-star-rating-full-star"
            htmlFor="_2"
            onClick={[Function]}
            onMouseLeave={[Function]}
            onMouseOver={[Function]}
            style={
              Object {
                "color": "#ffb400",
                "cursor": "default",
                "float": "right",
              }
            }
          >
            <i
              style={
                Object {
                  "fontStyle": "normal",
                }
              }
            >
              ★
            </i>
          </label>
          <input
            checked={false}
            className="dv-star-rating-input"
            id="_1"
            name=""
            onChange={[Function]}
            style={
              Object {
                "display": "none",
                "marginLeft": -9999,
                "position": "absolute",
              }
            }
            type="radio"
            value={1}
          />
          <label
            className="dv-star-rating-star dv-star-rating-full-star"
            htmlFor="_1"
            onClick={[Function]}
            onMouseLeave={[Function]}
            onMouseOver={[Function]}
            style={
              Object {
                "color": "#ffb400",
                "cursor": "default",
                "float": "right",
              }
            }
          >
            <i
              style={
                Object {
                  "fontStyle": "normal",
                }
              }
            >
              ★
            </i>
          </label>
        </div>
      </span>
      <span
        className="rating-number"
      >
         (
        3
         ratings) 
      </span>
    </div>
    <div
      className="basic"
    >
      <div>
         Rs.
        7250
         
      </div>
      <div>
         EMI from Rs.
        352
         
      </div>
    </div>
    <ul
      className="basic feature"
    >
      <li>
        20.1 MP
      </li>
      <li>
        Sensor type CCD
      </li>
      <li>
        LCD size 2.7
      </li>
      <li>
        Lithium Battery
      </li>
    </ul>
    <input
      type="checkbox"
      value="Car"
    />
    <span
      className="add-cart"
    >
       Add to cart 
    </span>
  </div>
</div>
`;
